# serializer version: 1
# name: test_r4_fp8mx_gfx950_golden
  list([
    dict({
      'basename': 'Cijk_Alik_Bljk_F8SS_MXAE8B32_MXBE8B32_BH_UserArgDyX7MxbH643Vkz-d6ujjdD5Nfb5mg2-7IwW3Y9Ebkag=',
      'err': 0,
    }),
    dict({
      'basename': 'Cijk_Alik_Bljk_F8SS_MXAE8B32_MXBE8B32_BH_UserArgMFHyXhsCCr-1Y45-8MDUOe7uN9JBsgMDID-egYOKfvQ=',
      'err': 0,
    }),
    dict({
      'basename': 'Cijk_Alik_Bljk_F8SS_MXAE8B32_MXBE8B32_BH_UserArgQcUAV5Hj-O7tjbVbLymBbyzWvSr92CPcyuLZp22Qoso=',
      'err': 0,
    }),
    dict({
      'basename': 'Cijk_Alik_Bljk_F8SS_MXAE8B32_MXBE8B32_BH_UserArgwEYcAkCfi1fU9lThBKkcuJf0Eya-3zExvFbh3RSEnY8=',
      'err': 0,
    }),
  ])
# ---
