# serializer version: 1
# name: test_r2_mac_hhs_dot2_golden
  list([
    dict({
      'basename': 'Cijk_Alik_Bljk_HHS_BH_UserArgs_MT16x32x16_SN_LDSZC3GTGUT5P3D1ECAivPPADBbqZ9bBUYvSK7it32QaVo=',
      'err': 0,
    }),
    dict({
      'basename': 'Cijk_Alik_Bljk_HHS_BH_UserArgs_MT16x64x16_SN_LDSpVyHTGa9mu7mSILi0fqay30FBtxsuPg90HrpKmNLR5o=',
      'err': 0,
    }),
    dict({
      'basename': 'Cijk_Alik_Bljk_HHS_BH_UserArgs_MT32x32x16_SN_LDSDIUvsAgvOthrXbhhXJs2hwCkThvUqTeLTbPcprV_SWE=',
      'err': 0,
    }),
    dict({
      'basename': 'Cijk_Alik_Bljk_HHS_BH_UserArgs_MT32x64x16_SN_LDS8m6k2V4a8QGfTcszBZ2gdbmbWDGm0IqJnYmdb4z-lgg=',
      'err': 0,
    }),
    dict({
      'basename': 'Cijk_Alik_Bljk_HHS_BH_UserArgs_MT64x32x16_SN_LDSYlTTfcW3kTEypvvlTdORwqhGq0c3lQVpg4xIJAlCNjU=',
      'err': 0,
    }),
    dict({
      'basename': 'Cijk_Alik_Bljk_HHS_BH_UserArgs_MT8x64x16_SN_LDSBChaIhW1y9uS_BjXzctiLNRpblU1_ewuFIIYaaQ4Qq9M=',
      'err': 0,
    }),
  ])
# ---
