# serializer version: 1
# name: test_gfx942_gg_golden
  list([
    dict({
      'basename': 'Cijk_Ailk_Bljk_HHS_BH_Bias_HA_S_UserArgs_MT128x1PHAJqfLpQgo9w6tXniTIG-jGGdJoYvYqFtz7c_z2U-I=',
      'err': 0,
    }),
    dict({
      'basename': 'Cijk_Ailk_Bljk_HHS_BH_Bias_HA_S_UserArgs_MT128x1Q5q642dCg0wcaZxQ5DHcLXa2eOeoB0JLYeV-J_v8E0E=',
      'err': 0,
    }),
    dict({
      'basename': 'Cijk_Ailk_Bljk_HHS_BH_Bias_HA_S_UserArgs_MT128x1qFcckXHL_W6mRqCgQHlkI6LQAs3WEvRndYLBJNRlgU8=',
      'err': 0,
    }),
    dict({
      'basename': 'Cijk_Ailk_Bljk_HHS_BH_Bias_HA_S_UserArgs_MT128x1u6QitA4dQmlEmNyN3FTxXVgPoBUKELsF4X6dwrK2sio=',
      'err': 0,
    }),
  ])
# ---
