# serializer version: 1
# name: test_r2_store_gfx942_golden
  list([
    dict({
      'basename': 'Cijk_Alik_Bljk_BBS_BH_Bias_SAV_UserArgs_MT64x16x5W-uPgvEov3kZzTUYKul3-4ugEpztsNTPYL_bEoqQHA=',
      'err': 0,
    }),
    dict({
      'basename': 'Cijk_Alik_Bljk_BBS_BH_Bias_SAV_UserArgs_MT64x16x6nfhFd4Wdp-FWxL7d8NvG9b8uu1zoslAzRuqWhSnrZ4=',
      'err': 0,
    }),
    dict({
      'basename': 'Cijk_Alik_Bljk_BBS_BH_Bias_SAV_UserArgs_MT64x16xwFnxSgGwY8PVAtFr0iMzdaBh3glf_sC-LF3LundkXLU=',
      'err': 0,
    }),
    dict({
      'basename': 'Cijk_Alik_Bljk_BBS_BH_Bias_SAV_UserArgs_MT64x16xxPfyxf1aiGKDXDZQd74UT3sXfJvUuV54bf2Ut-G5zAU=',
      'err': 0,
    }),
  ])
# ---
