# serializer version: 1
# name: test_gfx90a_dominant_golden
  list([
    dict({
      'basename': 'Cijk_Alik_Bljk_BBS_BH_Bias_HA_S_UserArgs_MT128x3KCW0w0IOJQ-33BqlEc4p35Cmc7s3_4Dnabh-Y-OVawE=',
      'err': 0,
    }),
    dict({
      'basename': 'Cijk_Alik_Bljk_BBS_BH_Bias_HA_S_UserArgs_MT64x16xPXldTsWjuV7jRn3oVAABRW2LbppZJG9wlqkxzOifjo=',
      'err': 0,
    }),
  ])
# ---
