# serializer version: 1
# name: test_gfx950_bbs_golden
  list([
    dict({
      'basename': 'Cijk_Alik_Bljk_BBS_BH_Bias_HA_S_UserArgs_MT64x161iSwj864IFBLJ9Drcdmb-g8GetjEBb-fW3LLzXTCCVI=',
      'err': 0,
    }),
    dict({
      'basename': 'Cijk_Alik_Bljk_BBS_BH_Bias_HA_S_UserArgs_MT64x16QOy61I0cB2oOVFShZ1FVO3p6FVzfXfsYvFsOsU6k8tk=',
      'err': 0,
    }),
  ])
# ---
