# serializer version: 1
# name: test_gfx90a_emit_digests
  list([
    dict({
      'file': 'BBS.yaml',
      'kernels': list([
        dict({
          'basename': 'Cijk_Alik_Bjlk_BBS_BH_Bias_HA_S_SAV_UserArgs_MT3_2PE5yW83E6RGbWmvr9_W7tZtrwUK3m2e0szDyl9Pzs=',
          'err': 0,
        }),
      ]),
    }),
    dict({
      'file': 'DB.yaml',
      'kernels': list([
        dict({
          'basename': 'Cijk_Ailk_Bjlk_D_B_UserArgs_MT16x16x16_MI16x16x1VCiUQW-IxXalhpeplDjOXyZeL0pBgyXspfzQd3q_m_M=',
          'err': 0,
        }),
        dict({
          'basename': 'Cijk_Ailk_Bjlk_D_B_UserArgs_MT16x16x8_MI16x16x1_Znjhq4iWTgHiXiNXZkDJn5vQivCZ4_PtMtVWUpHevPo=',
          'err': 0,
        }),
      ]),
    }),
    dict({
      'file': 'HHS.yaml',
      'kernels': list([
        dict({
          'basename': 'Cijk_Alik_Bjlk_HHS_BH_Bias_HA_S_SAV_UserArgs_MT3_2PE5yW83E6RGbWmvr9_W7tZtrwUK3m2e0szDyl9Pzs=',
          'err': 0,
        }),
      ]),
    }),
    dict({
      'file': 'HSS.yaml',
      'kernels': list([
        dict({
          'basename': 'Cijk_Alik_Bjlk_HSS_BH_Bias_HA_S_SAV_UserArgs_MT3_2PE5yW83E6RGbWmvr9_W7tZtrwUK3m2e0szDyl9Pzs=',
          'err': 0,
        }),
      ]),
    }),
    dict({
      'file': 'SB.yaml',
      'kernels': list([
        dict({
          'basename': 'Cijk_Alik_Bjlk_S_B_Bias_HA_S_SAV_UserArgs_MT32x3LrNJZqvr1xK0i4ET533sY3bZwK5GJaT452376iIfIDA=',
          'err': 0,
        }),
      ]),
    }),
  ])
# ---
