# serializer version: 1
# name: test_r2_shiftvector_golden
  list([
    dict({
      'basename': 'Cijk_Ailk_Bjlk_S_B_UserArgs_MT128x64x16_SN_LDSB0zwDRpPDCCyUANoK5KRwNnwqsNiuKr_Kce06rJlJGa0g=',
      'err': 0,
    }),
    dict({
      'basename': 'Cijk_Ailk_Bjlk_S_B_UserArgs_MT64x128x16_SN_LDSB001eHQlqTmEQy8MdzreaFwpCDk1OT5a19mzqAaRQadDA=',
      'err': 0,
    }),
    dict({
      'basename': 'Cijk_Ailk_Bjlk_S_B_UserArgs_MT64x64x16_SN_LDSB0_oEf5gv8VqSFN2HRUOrJetQVfpXXcJXyh9HxpWJdvvFE=',
      'err': 0,
    }),
  ])
# ---
