# serializer version: 1
# name: test_gfx950_dominant_golden
  list([
    dict({
      'basename': 'Cijk_Alik_Bljk_F8HS_BH_UserArgs_MT64x64x128_MI16A7MSxQoUVqcHbNDAJjp6TrQxmQiFzUxDr2_NFYZVWcQ=',
      'err': 0,
    }),
    dict({
      'basename': 'Cijk_Alik_Bljk_F8HS_BH_UserArgs_MT64x64x128_MI32mh3Da2xvYQqeHxUUjdlCLULcSqwSzFHre7W99KdZpuw=',
      'err': 0,
    }),
  ])
# ---
