# serializer version: 1
# name: test_gfx908_emit_digests
  list([
    dict({
      'file': 'BBS.yaml',
      'kernels': list([
        dict({
          'basename': 'Cijk_Ailk_Bljk_BBS_BH_Bias_HA_S_SAV_MT64x16x32_MiJGpxOIGbKvzVo59SXJhoT7z7XhV8Ma3ojzoAuojyu4=',
          'err': 0,
        }),
      ]),
    }),
    dict({
      'file': 'HHS.yaml',
      'kernels': list([
        dict({
          'basename': 'Cijk_Ailk_Bljk_HHS_BH_Bias_HA_S_SAV_UserArgs_MT65ede44O-F61kmurtqygFFNDCVyvGCGpa2sXtL6Vf1QA=',
          'err': 0,
        }),
      ]),
    }),
    dict({
      'file': 'HSS.yaml',
      'kernels': list([
        dict({
          'basename': 'Cijk_Ailk_Bjlk_HSS_BH_Bias_HA_S_SAV_UserArgs_MT1Z7A2sJKA1-vUkNR5pGFS4lER0rg7ASqAggCKIXdL8Ys=',
          'err': 0,
        }),
      ]),
    }),
    dict({
      'file': 'SB.yaml',
      'kernels': list([
        dict({
          'basename': 'Cijk_Alik_Bjlk_S_B_Bias_HA_S_SAV_UserArgs_MT32x33itQz_4lzHxNoMLnym8abm5tKsiijVw1OH6vJAbRgHE=',
          'err': 0,
        }),
      ]),
    }),
  ])
# ---
