# serializer version: 1
# name: test_gfx950_hhs_golden
  list([
    dict({
      'basename': 'Cijk_Alik_Bljk_HHS_BH_Bias_A_S_UserArgs_MT64x16x3ZCqQoF3Zj6SFeRKrRcv14LVnfmQVyQp8fNsm2K36-w=',
      'err': 0,
    }),
    dict({
      'basename': 'Cijk_Alik_Bljk_HHS_BH_Bias_A_S_UserArgs_MT64x16xZdemWF7WaWh2wv1XTE51A2fsaKM4SXlHdaQe-7_zOmc=',
      'err': 0,
    }),
  ])
# ---
