# serializer version: 1
# name: test_r2_streamk_gfx942_golden
  list([
    dict({
      'basename': 'Cijk_Ailk_Bjlk_S_B_UserArgs_MT128x128x16_MI16x16X9Ppy3CT6CgLGkH79e77fiWOmoMjVndXEyH_OiIIhoo=',
      'err': 0,
    }),
    dict({
      'basename': 'Cijk_Ailk_Bjlk_S_B_UserArgs_MT128x128x16_MI16x16X9Ppy3CT6CgLGkH79e77fiWOmoMjVndXEyH_OiIIhoo=',
      'err': 0,
    }),
    dict({
      'basename': 'Cijk_Ailk_Bjlk_S_B_UserArgs_MT128x128x16_MI16x16ck_d1HLy_Ln6aA9N1jusEndUgOicJhMLjsSgBNo5HTE=',
      'err': 0,
    }),
    dict({
      'basename': 'Cijk_Ailk_Bjlk_S_B_UserArgs_MT128x128x16_MI16x16nMh0CT8MofoISO62z2bmj0RUEZcyIzesWbGgoNN6WYU=',
      'err': 0,
    }),
  ])
# ---
