# serializer version: 1
# name: test_gfx942_f8n_golden
  list([
    dict({
      'basename': 'Cijk_Ailk_Bljk_F8NHS_BH_Bias_S_HA_S_SAB_SCD_SAV_0939q5I0mwBW3TaY3q4w9URRiNMIhWouAcI7lelWXM0=',
      'err': 0,
    }),
    dict({
      'basename': 'Cijk_Ailk_Bljk_F8NHS_BH_Bias_S_HA_S_SAB_SCD_SAV_Nh3pW8B-gc4jToxLope2_aUpx_px_-85tD-BBGiQdzE=',
      'err': 0,
    }),
    dict({
      'basename': 'Cijk_Ailk_Bljk_F8NHS_BH_Bias_S_HA_S_SAB_SCD_SAV_gACf71nNPjjMuieiiUsCXbA4PbNkYrxi0XS8ohBt50Q=',
      'err': 0,
    }),
    dict({
      'basename': 'Cijk_Ailk_Bljk_F8NHS_BH_Bias_S_HA_S_SAB_SCD_SAV_hkq3k65s2DJXf1L8pOk8eheTG341lBfuBaZusIvTuko=',
      'err': 0,
    }),
    dict({
      'basename': 'Cijk_Ailk_Bljk_F8NHS_BH_Bias_S_HA_S_SAB_SCD_SAV_liwePemC9cKf8wU3QBDBTpAa_3w3IC8KTQA2uTPvtqg=',
      'err': 0,
    }),
    dict({
      'basename': 'Cijk_Ailk_Bljk_F8NHS_BH_Bias_S_HA_S_SAB_SCD_SAV_qdYs4VFngGMXhDHl5LVxk6TGkivjjArgg65ckQpMU70=',
      'err': 0,
    }),
    dict({
      'basename': 'Cijk_Ailk_Bljk_F8NHS_BH_Bias_S_HA_S_SAB_SCD_SAV_t2t4WWWQSAyHgaP4agZb-_PSL6v7a4Gi53PnXeYuUYE=',
      'err': 0,
    }),
    dict({
      'basename': 'Cijk_Ailk_Bljk_F8NHS_BH_Bias_S_HA_S_SAB_SCD_SAV_y5Y06zMmLsG7EHaRXcUCznWfqG1r_tWMuTCt1hpNgvg=',
      'err': 0,
    }),
  ])
# ---
