# serializer version: 1
# name: test_r4_shiftvector2_golden
  list([
    dict({
      'basename': 'Cijk_Ailk_Bjlk_S_B_UserArgs_MT128x64x16_SN_LDSB0mWttdcXvwO4OSVQespYppZE5zazSpKajQgWnXdIT9Cw=',
      'err': 0,
    }),
    dict({
      'basename': 'Cijk_Ailk_Bjlk_S_B_UserArgs_MT64x128x16_SN_LDSB0k_8Khzt0IlbTW1MomRDZAtr-LsiXJvImzqwMxxkbUs4=',
      'err': 0,
    }),
    dict({
      'basename': 'Cijk_Ailk_Bjlk_S_B_UserArgs_MT64x64x16_SN_LDSB0_tneKYikAwDLwyT4FBXHSAP_xF05e2DmzgW_HMw3QxsA=',
      'err': 0,
    }),
  ])
# ---
