# serializer version: 1
# name: test_gfx1100_emit_digests
  list([
    dict({
      'file': 'DB.yaml',
      'kernels': list([
        dict({
          'basename': 'Cijk_Ailk_Bjlk_D_B_UserArgs_MT16x16x16_SN_LDSB0_WZucWM927FCXQDiT2NDQgn9sAU8FYeuTzDWuO-zOqJE=',
          'err': 0,
        }),
        dict({
          'basename': 'Cijk_Ailk_Bjlk_D_B_UserArgs_MT16x16x8_SN_LDSB0_ALxwDHdqBBUuo2ADAek_XfiXJUotGQ2AVxM6sYTxvuBE=',
          'err': 0,
        }),
        dict({
          'basename': 'Cijk_Ailk_Bjlk_D_B_UserArgs_MT8x8x16_SN_LDSB0_AFy_w3jyToK0fdtK78CuYD_XTeGHu3vK-wMgWvjxl-puE=',
          'err': 0,
        }),
        dict({
          'basename': 'Cijk_Ailk_Bjlk_D_B_UserArgs_MT8x8x8_SN_LDSB0_AFCIIt-50lvfbk5lRrRIgfvnuJMZLCJf7cC057OjQq7fe4=',
          'err': 0,
        }),
      ]),
    }),
    dict({
      'file': 'HSS.yaml',
      'kernels': list([
        dict({
          'basename': 'Cijk_Alik_Bljk_HSS_BH_Bias_HA_S_SAV_UserArgs_MT373aSdkZZ8eUqlIGh8vLoBj9GO_qYXeKXFpkKL2HfjXc=',
          'err': 0,
        }),
        dict({
          'basename': 'Cijk_Alik_Bljk_HSS_BH_Bias_HA_S_SAV_UserArgs_MT9-_OVAU_hlWN8XIzIf4VAqNhfzg6ItX7tfXfuKYQchtI=',
          'err': 0,
        }),
        dict({
          'basename': 'Cijk_Alik_Bljk_HSS_BH_Bias_HA_S_SAV_UserArgs_MT9NF9Ulb3W3U2OJuh5YtmyoCstv-dk-3e4dxqql1H7xHQ=',
          'err': 0,
        }),
      ]),
    }),
    dict({
      'file': 'SB.yaml',
      'kernels': list([
        dict({
          'basename': 'Cijk_Ailk_Bjlk_S_B_Bias_HA_S_SAV_UserArgs_MT16x1Ek1lWTGfle7nqmwvMi6jeajiqWXb04eYTad7DkO2ces=',
          'err': 0,
        }),
        dict({
          'basename': 'Cijk_Ailk_Bjlk_S_B_Bias_HA_S_SAV_UserArgs_MT16x1NPC5_CGvMBNBSRFfQlLLQF01zZCftCAqSKHD84_EE7Q=',
          'err': 0,
        }),
        dict({
          'basename': 'Cijk_Ailk_Bjlk_S_B_Bias_HA_S_SAV_UserArgs_MT8x8xW4iVc9SLRM2Z7jYHpxqKfDUdrIJ47FRl33aSxV78j18=',
          'err': 0,
        }),
        dict({
          'basename': 'Cijk_Ailk_Bjlk_S_B_Bias_HA_S_SAV_UserArgs_MT8x8xhQcVH7Omr34lUfuvILKkQwEPKbJZv7njIgJxO0kDS1A=',
          'err': 0,
        }),
      ]),
    }),
  ])
# ---
