# serializer version: 1
# name: test_gfx950_dtl_golden
  list([
    dict({
      'basename': 'Cijk_Alik_Bljk_S_B_UserArgs_MT16x16x32_MI16x16x16Dny35gjWwpPrOWRRhwXpsuMvFGRWX8cjEHtCH1WKug=',
      'err': 0,
    }),
    dict({
      'basename': 'Cijk_Alik_Bljk_S_B_UserArgs_MT16x16x32_MI16x16x1ZGmfp36g6hOeU5WTA9SVjHrEDIrB8ixkqi_8gXDPiaI=',
      'err': 0,
    }),
    dict({
      'basename': 'Cijk_Alik_Bljk_S_B_UserArgs_MT16x16x32_MI16x16x1bZTUAPUtWlZkKa5cwEgwnVTPY5BnM7-XJgh9AsIfUks=',
      'err': 0,
    }),
    dict({
      'basename': 'Cijk_Alik_Bljk_S_B_UserArgs_MT16x16x32_MI16x16x1g_Hk1BVduY7ppHPbR_303nMw1Ij-sbyaY5ISgN4wPWU=',
      'err': 0,
    }),
  ])
# ---
