# serializer version: 1
# name: test_r2_wgm_gfx942_golden
  list([
    dict({
      'basename': 'Cijk_Alik_Bljk_BBS_BH_Bias_A_S_UserArgs_MT64x16x1zYmPn_HRP_ZmsXme33GkTDJZ_4EucLoFHf7J61kisQ=',
      'err': 0,
    }),
    dict({
      'basename': 'Cijk_Alik_Bljk_BBS_BH_Bias_A_S_UserArgs_MT64x16xIbNWZOYrfHaZbwAk8TkHnFyBf6Wrx0BJnda5GVU-UzA=',
      'err': 0,
    }),
    dict({
      'basename': 'Cijk_Alik_Bljk_BBS_BH_Bias_A_S_UserArgs_MT64x16xN15Yr1rYQEnT7ZSM8rKtv6_fqSGO2pjLSXAS_JZtoHc=',
      'err': 0,
    }),
    dict({
      'basename': 'Cijk_Alik_Bljk_BBS_BH_Bias_A_S_UserArgs_MT64x16xZnWGHmFQXUqLw59selxRxDws2xcn060ZFTXLdkTuMpI=',
      'err': 0,
    }),
    dict({
      'basename': 'Cijk_Alik_Bljk_BBS_BH_Bias_A_S_UserArgs_MT64x16xuaiKP027khXX8dcivIpAjsnxBkPAp7Pgi3gXBwVQeco=',
      'err': 0,
    }),
  ])
# ---
