# serializer version: 1
# name: test_r2_gsu_golden
  list([
    dict({
      'basename': 'Cijk_Alik_Bljk_BBS_BH_Bias_A_S_UserArgs_MT64x16xG0ga5ASBa8dHVi0wcjOfT_P4FAL4gvgRGM5MY4Vtj64=',
      'err': 0,
    }),
    dict({
      'basename': 'Cijk_Alik_Bljk_BBS_BH_Bias_A_S_UserArgs_MT64x16xOqC86HGKHNW_0NT_C6w187CdEWjxcbqkk3NWIBrfkOU=',
      'err': 0,
    }),
  ])
# ---
